// Jest Snapshot v1, https://goo.gl/fbAQLP

exports[`should render default paragraph styling 1`] = `
<div
  className="Paragraph-hHEPzZ c-callout__paragraph bHcknR"
/>
`;
