// Jest Snapshot v1, https://goo.gl/fbAQLP

exports[`should render default title styling 1`] = `
<div
  className="Title-kEkEAm c-callout__title hsTLhl"
/>
`;
